                  Welcome to Q-Chem
     A Quantum Leap Into The Future Of Chemistry


 Q-Chem 4.3, Q-Chem, Inc., Pleasanton, CA (2015)

 Y. Shao,  Z. Gan,  E. Epifanovsky,  A. T. B. Gilbert,  M. Wormit,  
 J. Kussmann,  A. W. Lange,  A. Behn,  J. Deng,  X. Feng,  D. Ghosh,  
 M. Goldey,  P. R. Horn,  L. D. Jacobson,  I. Kaliman,  R. Z. Khaliullin,  
 T. Kus,  A. Landau,  J. Liu,  E. I. Proynov,  Y. M. Rhee,  R. M. Richard,  
 M. A. Rohrdanz,  R. P. Steele,  E. J. Sundstrom,  H. L. Woodcock III,  
 P. M. Zimmerman,  D. Zuev,  B. Albrecht,  E. Alguire,  B. Austin,  
 S. A. Baeppler,  G. J. O. Beran,  Y. A. Bernard,  E. Berquist,  
 K. Brandhorst,  K. B. Bravaya,  S. T. Brown,  D. Casanova,  C.-M. Chang,  
 Y. Chen,  S. H. Chien,  K. D. Closser,  D. L. Crittenden,  M. Diedenhofen,  
 R. A. DiStasio Jr.,  H. Do,  A. D. Dutoi,  R. G. Edgar,  P.-T. Fang,  
 S. Fatehi,  Q. Feng,  L. Fusti-Molnar,  A. Ghysels,  
 A. Golubeva-Zadorozhnaya,  J. Gomes,  A. Gunina,  M. W. D. Hanson-Heine,  
 P. H. P. Harbach,  A. W. Hauser,  E. G. Hohenstein,  Z. C. Holden,  K. Hui,  
 T.-C. Jagau,  H. Ji,  B. Kaduk,  K. Khistyaev,  Jaehoon Kim,  Jihan Kim,  
 R. A. King,  P. Klunzinger,  D. Kosenkov,  T. Kowalczyk,  C. M. Krauter,  
 K. U. Lao,  A. Laurent,  K. V. Lawler,  S. Lehtola,  S. V. Levchenko,  
 C. Y. Lin,  Y.-S. Lin,  F. Liu,  E. Livshits,  R. C. Lochan,  A. Luenser,  
 P. Manohar,  S. F. Manzer,  S.-P. Mao,  N. Mardirossian,  A. V. Marenich,  
 L. A. Martinez-Martinez,  S. A. Maurer,  N. J. Mayhall,  K. Nanda,  
 C. M. Oana,  R. Olivares-Amaya,  D. P. O'Neill,  J. A. Parkhill,  
 T. M. Perrine,  R. Peverati,  P. A. Pieniazek,  F. Plasser,  A. Prociuk,  
 D. R. Rehn,  E. Rosta,  N. J. Russ,  N. Sergueev,  S. M. Sharada,  
 S. Sharma,  D. W. Small,  A. Sodt,  T. Stauch,  T. Stein,  D. Stuck,  
 Y.-C. Su,  A. J. W. Thom,  T. Tsuchimochi,  L. Vogt,  O. Vydrov,  T. Wang,  
 M. A. Watson,  J. Wenzel,  A. White,  C. F. Williams,  V. Vanovschi,  
 S. Yeganeh,  S. R. Yost,  Z.-Q. You,  I. Y. Zhang,  X. Zhang,  Y. Zhao,  
 B. R. Brooks,  G. K. L. Chan,  D. M. Chipman,  C. J. Cramer,  
 W. A. Goddard III,  M. S. Gordon,  W. J. Hehre,  A. Klamt,  
 H. F. Schaefer III,  M. W. Schmidt,  C. D. Sherrill,  D. G. Truhlar,  
 A. Warshel,  X. Xu,  A. Aspuru-Guzik,  R. Baer,  A. T. Bell,  N. A. Besley,  
 J.-D. Chai,  A. Dreuw,  B. D. Dunietz,  T. R. Furlani,  S. R. Gwaltney,  
 C.-P. Hsu,  Y. Jung,  J. Kong,  D. S. Lambrecht,  W. Liang,  C. Ochsenfeld,  
 V. A. Rassolov,  L. V. Slipchenko,  J. E. Subotnik,  T. Van Voorhis,  
 J. M. Herbert,  A. I. Krylov,  P. M. W. Gill,  M. Head-Gordon

 Contributors to earlier versions of Q-Chem not listed above: 
 R. D. Adamson,  J. Baker,  E. F. C. Byrd,  A. K. Chakraborty,  C.-L. Cheng,  
 H. Dachsel,  R. J. Doerksen,  G. Hawkins,  A. Heyden,  S. Hirata,  
 G. Kedziora,  F. J. Keil,  C. Kelley,  P. P. Korambath,  W. Kurlancheek,  
 A. M. Lee,  M. S. Lee,  D. Liotard,  I. Lotan,  P. E. Maslen,  N. Nair,  
 D. Neuhauser,  R. Olson,  B. Peters,  J. Ritchie,  N. E. Schultz,  
 N. Shenvi,  A. C. Simmonett,  K. S. Thanthiriwatte,  Q. Wu,  W. Zhang

 Please cite Q-Chem as follows:
 Y. Shao et al., Mol. Phys. 113, 184-215 (2015)
 DOI: 10.1080/00268976.2014.952696

 Q-Chem 4.3.0 for Intel X86 EM64T Linux

 Parts of Q-Chem use Armadillo 5.200.1 (Boston Tea Smuggler).
 http://arma.sourceforge.net/

 Q-Chem begins on Thu Nov 16 09:16:20 2017  


Host: 0

     Scratch files written to /home/nmayhall/scratch_qchem/qchem7263//
 Dec1416 |home|nmayhall|qcSoftware|qchem|qchem.svn-casman|libmdc|qstr_RNUM -1
 Using version located at /home/nmayhall/qcSoftware/qchem/qchem.svn-casman/bin/qchem


Total Memory Limit in MB = 2000
Mega-Array Size in MB = 62

Checking the input file for inconsistencies... 	...done.
Finally everything over in PARseQInput

--------------------------------------------------------------
User input:
--------------------------------------------------------------
$comment
TMM ground and excited states
$end 

$molecule
0 3
O
O 1 r1

r1 1.2
$end

$rem
  jobtype           sp
  method            rasci
  basis             cc-pvdz 
  max_scf_cycles    200
  scf_algorithm     dm
  unrestricted      false         ! RASCI only works with unrestricted orbitals
!RASCI
  set_iter	100
  RAS_ROOTS         4             ! Compute 9 states
  RAS_ELEC          2             ! Active electrons    (RAS2)
  RAS_ACT           2             ! Active orbitals     (RAS2)
! RAS_OCC           25            ! Doubly occ orbitals (RAS1)
  RAS_DO_HOLE       1          	  ! Compute hole contributions (RAS1 -> RAS2)
  RAS_DO_PART       1         	  ! Compute part contributions (RAS2 -> RAS3)
  RAS_SPIN_MULT     0             ! Compute any spin multiplicity
  RAS_NATORB        true          ! Compute natural orbital occupancies
! RAS_ACT_ORB       [26,27,28,29] ! Pick active orbitals
! RAS_NATORB_STATE  2             ! Save natural orbitals of state 2 in file 53.0
! RAS_GUESS_CS      1             ! Force (at least) 1 close shell guess
$end


--------------------------------------------------------------
 ----------------------------------------------------------------
             Standard Nuclear Orientation (Angstroms)
    I     Atom           X                Y                Z
 ----------------------------------------------------------------
    1      O       0.0000000000     0.0000000000    -0.6000000000
    2      O       0.0000000000     0.0000000000     0.6000000000
 ----------------------------------------------------------------
 Molecular Point Group                 D*h   NOp =***
 Largest Abelian Subgroup              D2h   NOp =  1
 Nuclear Repulsion Energy =    28.2227845760 hartrees
 There are        9 alpha and        7 beta electrons

 Q-Chem warning in module /home/nmayhall/qcSoftware/qchem/qchem.svn-casman/forms1/BasisType.C, line 1375:

 SAD: How to set up polarization functions for non-Pople basis?

 Requested basis set is cc-pVDZ
 There are 12 shells and 28 basis functions

Total QAlloc Memory Limit   2000 MB
Mega-Array Size        61 MB
MEM_STATIC part        62 MB

finished with qalloc call

                       Distance Matrix (Angstroms)
             O (  1)
   O (  2)  1.200000

 Job number = 2, Threshold = 1.00E-09
Integral type ranges set in mkLRange.C for JobNum: 2  <1-21|1-21>
Symmetry turned off temporarily
 Using the largest function pair in Schwarz integrals
Total number of integrals generated =            7959
Symmetry turned back on
 A cutoff of  1.0D-09 yielded     78 shell pairs
 There are       438 function pairs (       507 Cartesian)
 Job number = 11, Threshold = 1.00E-09
Integral type ranges set in mkLRange.C for JobNum: 11  <1-21|22-22>

 -------------------------------------------------------
 OpenMP Integral Computing Module                       
 Release: version 1.0, May 2013, Q-Chem Inc. Pittsburgh 
 -------------------------------------------------------
 Integral Job Info:
 Integral job number is                      11
 Integral operator is                         1
 short-range coefficients                     0
 long-range coefficients              100000000
 Omega coefficients                           0
 if combine SR and LR in K                    0
 Integral screening is                        0
 Integral computing path is                   2
 max size of driver memory is            800000
 size of driver memory is                593474
 size of scratch memory is              3179904
 max col of scratch BK array               1296
 max len of scratch array in speh3          155
 max len of scratch index in speh4           18
 max int batch size is                      520
 min int batch size is                       52
 fixed nKL is                                52
 max L of basis functions is                  2
 order of int derivative is                   0
 number of shells is                         12
 number of basis is                          30
 number of cartesian basis is                30
 number of contracted shell pairs            78
 number of primitive shell pairs            726
 maxK2 (contraction) of shell pair           49
 max number of K2 of shell pair               1
 max number of CS2 of shell pair              8
 max number of PS2 of shell pair            294
 mem total for path MDJ                   11420
 -------------------------------------------------------
 Smallest overlap matrix eigenvalue = 1.90E-02
 Multipole matrices computed through 2nd order

  Scale SEOQF with 1.000000e+00/1.000000e+00/1.000000e+00

 Standard Electronic Orientation quadrupole field applied
 Nucleus-field energy     =    -0.0000000062 hartrees
GuessMan:  IGuess = 101
 Constructing guess Fock matrix from core Hamiltonian
 Applying Wolfsberg-Helmholtz approximation
scfman initvdwdat 
 A restricted Hartree-Fock SCF calculation will be
 performed using direct minimization
 SCF converges when RMS gradient is below 1.0E-05
Finding J and K together
 Job number = 22, Threshold = 1.00E-09
Integral type ranges set in mkLRange.C for JobNum: 22  <1-21|1-21>
Approximate symmetry reduction factor = 1.000000
Storing 1411.87% of integrals
Total number of integrals generated =          132503
 MakeJK  time:  CPU       0.04 s  wall       0.04 s
Fock build time:  0.04 s (CPU) 0.04 s (wall)
 ---------------------------------------
  Cycle       Energy        RMS Gradient
 ---------------------------------------
    1    -149.2001329343      2.35E-01  00000
Finding J and K together
 Job number = 22, Threshold = 1.00E-09
Integral type ranges set in mkLRange.C for JobNum: 22  <1-21|1-21>
Approximate symmetry reduction factor = 1.000000
Storing 1411.87% of integrals
Reusing in-core integrals buffer for job 22
 MakeJK  time:  CPU       0.02 s  wall       0.02 s
Fock build time:  0.02 s (CPU) 0.02 s (wall)
    2    -149.5312177103      9.54E-02  00000
Finding J and K together
 Job number = 22, Threshold = 1.00E-09
Integral type ranges set in mkLRange.C for JobNum: 22  <1-21|1-21>
Approximate symmetry reduction factor = 1.000000
Storing 1411.87% of integrals
Reusing in-core integrals buffer for job 22
 MakeJK  time:  CPU       0.02 s  wall       0.02 s
Fock build time:  0.02 s (CPU) 0.02 s (wall)
    3    -149.6050618384      2.12E-02  00000
Finding J and K together
 Job number = 22, Threshold = 1.00E-09
Integral type ranges set in mkLRange.C for JobNum: 22  <1-21|1-21>
Approximate symmetry reduction factor = 1.000000
Storing 1411.87% of integrals
Reusing in-core integrals buffer for job 22
 MakeJK  time:  CPU       0.02 s  wall       0.02 s
Fock build time:  0.02 s (CPU) 0.02 s (wall)
    4    -149.6091377644      6.94E-03  00000
Finding J and K together
 Job number = 22, Threshold = 1.00E-09
Integral type ranges set in mkLRange.C for JobNum: 22  <1-21|1-21>
Approximate symmetry reduction factor = 1.000000
Storing 1411.87% of integrals
Reusing in-core integrals buffer for job 22
 MakeJK  time:  CPU       0.02 s  wall       0.02 s
Fock build time:  0.02 s (CPU) 0.02 s (wall)
    5    -149.6094535803      9.51E-04  00000
Finding J and K together
 Job number = 22, Threshold = 1.00E-09
Integral type ranges set in mkLRange.C for JobNum: 22  <1-21|1-21>
Approximate symmetry reduction factor = 1.000000
Storing 1411.87% of integrals
Reusing in-core integrals buffer for job 22
 MakeJK  time:  CPU       0.02 s  wall       0.02 s
Fock build time:  0.02 s (CPU) 0.02 s (wall)
    6    -149.6094609774      1.15E-04  00000
Finding J and K together
 Job number = 22, Threshold = 1.00E-09
Integral type ranges set in mkLRange.C for JobNum: 22  <1-21|1-21>
Approximate symmetry reduction factor = 1.000000
Storing 1411.87% of integrals
Reusing in-core integrals buffer for job 22
 MakeJK  time:  CPU       0.02 s  wall       0.02 s
Fock build time:  0.02 s (CPU) 0.02 s (wall)
    7    -149.6094611186      1.34E-05  00000
Finding J and K together
 Job number = 22, Threshold = 1.00E-09
Integral type ranges set in mkLRange.C for JobNum: 22  <1-21|1-21>
Approximate symmetry reduction factor = 1.000000
Storing 1411.87% of integrals
Reusing in-core integrals buffer for job 22
 MakeJK  time:  CPU       0.02 s  wall       0.02 s
Fock build time:  0.02 s (CPU) 0.02 s (wall)
    8    -149.6094611207      4.35E-07  00000 Convergence criterion met
 ---------------------------------------
 SCF time:  CPU 0.16 s  wall 0.16 s
 SCF   energy in the final basis set = -149.6094611207
 Total energy in the final basis set = -149.6094611207
Symmetry turned off temporarily
  
     ##========================================##
     ||                                        ||
     ||              R A S M A N 2             ||
     ||________________________________________||
     ||                                        ||
     ||  Author:                               ||
     ||                                        ||
     ||        David Casanova (2010)           ||
     ||                                        ||
     ##========================================##
  
  ***************************************************
  *  RAS-CI Dimensions:                             *
  *                                                 *
  *  Active Elec.:   2           Active Orb.:   2   *
  *  Doubly Occ. :   7           Doubly Vir.:  19   *
  *                                                 *
  *  Total CI configurations:       108             * 
  *    Active configurations:         4             * 
  *      Hole configurations:        28             * 
  *  Particle configurations:        76             * 
  *                                                 *
  *   Requested states:        4                    *
  *  Spin multiplicity: Any multiplicity            *
  *                                                 *
  ***************************************************
 Each CI-vector requires      0.00082 MB 
 Max. subspace vectors            108      
  
Building Zero-order Fock matrix
 Job number = 22, Threshold = 1.00E-09
Integral type ranges set in mkLRange.C for JobNum: 22  <1-21|1-21>
Storing 1411.87% of integrals
Zero-order energy:           -148.0101255550
Computing J and K matrices
 Job number = 31, Threshold = 1.00E-09
Integral type ranges set in mkLRange.C for JobNum: 31  <1-21|1-21>
Storing 1411.87% of integrals
Making amplitude guesses
Direct CI diagonalization
 ---------------------------------------------------
 Iter    Rts Conv    Rts Left    Ttl Dev     Max Dev
 ---------------------------------------------------
   1         1           3      0.006836    0.003418
   2         1           3      0.000123    0.000056
   3         4           0      0.000000    0.000000    Roots Converged
 ---------------------------------------------------
   
*******************************************
 RAS-CI total energy for state   1:   -149.609461127003
  Excitation energy (eV) =    0.0000
  Multiplicity: Triplet 
  Dipole Moment: -0.0000 X   0.0000 Y   0.0000 Z
  Amplitudes : 
  
 | HOLE  | ALPHA | BETA  | PART  |    AMPLITUDE 
--------------------------------------------------
 |       | 10    | 01    |       |     0.70711
 |       | 01    | 10    |       |    -0.70711
--------------------------------------------------
*** Contributions RASCI wfn    Active: 100.00
                                 Hole:   0.00
                                 Part:   0.00
  
*** NATURAL ORBITALS (OCCUPANCIES)
               1   2.0000
               2   2.0000
               3   2.0000
               4   2.0000
               5   2.0000
               6   2.0000
               7   2.0000
               8   1.0000
               9   1.0000
              10   0.0000
              11   0.0000
              12   0.0000
              13   0.0000
              14   0.0000
              15   0.0000
              16   0.0000
              17   0.0000
              18   0.0000
              19   0.0000
              20   0.0000
              21  -0.0000
              22  -0.0000
              23  -0.0000
              24  -0.0000
              25  -0.0000
              26  -0.0000
              27  -0.0000
              28  -0.0000
  
 Total Electrons: 16.0000
  
*******************************************
 RAS-CI total energy for state   2:   -149.562132347448
  Excitation energy (eV) =    1.2879
  Multiplicity: Singlet 
  Dipole Moment: -0.0000 X   0.0000 Y   0.0000 Z
  Trans. Moment:  0.0000 X   0.0000 Y   0.0000 Z
  Strength   :  0.000000
  Amplitudes : 
  
 | HOLE  | ALPHA | BETA  | PART  |    AMPLITUDE 
--------------------------------------------------
 |       | 10    | 10    |       |     0.70705
 |       | 01    | 01    |       |    -0.70705
--------------------------------------------------
*** Contributions RASCI wfn    Active:  99.98
                                 Hole:   0.00
                                 Part:   0.02
  
*** NATURAL ORBITALS (OCCUPANCIES)
               1   2.0000
               2   2.0000
               3   2.0000
               4   2.0000
               5   2.0000
               6   2.0000
               7   2.0000
               8   1.0000
               9   1.0000
              10   0.0000
              11   0.0000
              12   0.0000
              13   0.0000
              14   0.0000
              15   0.0000
              16   0.0000
              17  -0.0000
              18  -0.0000
              19  -0.0000
              20  -0.0000
              21  -0.0000
              22  -0.0000
              23  -0.0000
              24  -0.0000
              25  -0.0000
              26  -0.0000
              27  -0.0000
              28  -0.0000
  
 Total Electrons: 16.0000
  
*******************************************
 RAS-CI total energy for state   3:   -149.562132347448
  Excitation energy (eV) =    1.2879
  Multiplicity: Singlet 
  Dipole Moment: -0.0000 X   0.0000 Y   0.0000 Z
  Trans. Moment: -0.0000 X  -0.0000 Y  -0.0000 Z
  Strength   :  0.000000
  Amplitudes : 
  
 | HOLE  | ALPHA | BETA  | PART  |    AMPLITUDE 
--------------------------------------------------
 |       | 10    | 01    |       |     0.70705
 |       | 01    | 10    |       |     0.70705
--------------------------------------------------
*** Contributions RASCI wfn    Active:  99.98
                                 Hole:   0.00
                                 Part:   0.02
  
*** NATURAL ORBITALS (OCCUPANCIES)
               1   2.0000
               2   2.0000
               3   2.0000
               4   2.0000
               5   2.0000
               6   2.0000
               7   2.0000
               8   1.0000
               9   1.0000
              10   0.0000
              11   0.0000
              12   0.0000
              13   0.0000
              14   0.0000
              15   0.0000
              16   0.0000
              17   0.0000
              18   0.0000
              19   0.0000
              20  -0.0000
              21  -0.0000
              22  -0.0000
              23  -0.0000
              24  -0.0000
              25  -0.0000
              26  -0.0000
              27  -0.0000
              28  -0.0000
  
 Total Electrons: 16.0000
  
*******************************************
 RAS-CI total energy for state   4:   -149.515270564824
  Excitation energy (eV) =    2.5631
  Multiplicity: Singlet 
  Dipole Moment: -0.0000 X   0.0000 Y   0.0000 Z
  Trans. Moment: -0.0000 X  -0.0000 Y   0.0000 Z
  Strength   :  0.000000
  Amplitudes : 
  
 | HOLE  | ALPHA | BETA  | PART  |    AMPLITUDE 
--------------------------------------------------
 |       | 10    | 10    |       |     0.70686
 |       | 01    | 01    |       |     0.70686
--------------------------------------------------
*** Contributions RASCI wfn    Active:  99.93
                                 Hole:   0.00
                                 Part:   0.07
  
*** NATURAL ORBITALS (OCCUPANCIES)
               1   2.0000
               2   2.0000
               3   2.0000
               4   2.0000
               5   2.0000
               6   2.0000
               7   2.0000
               8   1.0000
               9   1.0000
              10   0.0000
              11   0.0000
              12   0.0000
              13   0.0000
              14   0.0000
              15   0.0000
              16   0.0000
              17   0.0000
              18  -0.0000
              19  -0.0000
              20  -0.0000
              21  -0.0000
              22  -0.0000
              23  -0.0000
              24  -0.0000
              25  -0.0000
              26  -0.0000
              27  -0.0000
              28  -0.0000
  
 Total Electrons: 16.0000
  
--------------------------------------------------
  
Symmetry turned back on
  Timing summary (seconds)
  CPU time          0.08s
  System time       0.00s
  Wall time         0.09s
*******************************************
CPU times for in RASMAN 
*******************************************
     Fock matrix        :       0.04 s
     Integrals          :       0.05 s
     Addressing matrices:       0.00 s
     Guesses            :       0.00 s
     Iterations         :       0.00 s
     Properties         :       0.00 s
*******************************************
Symmetry turned off temporarily
 Analysis of SCF Wavefunction

 --------------------------------------------------------------

                    Orbital Energies (a.u.)
 --------------------------------------------------------------

 Alpha MOs
 -- Occupied --
-22.270 -22.269  -2.853  -2.161  -1.843  -1.747  -1.747  -1.074
 -1.074
 -- Virtual --
 -0.549   0.091   0.150   0.150   0.252   0.331   0.331   0.329
  1.021   1.282   1.282   1.567   1.567   1.913   1.913   2.050
  2.577   2.577   3.086

 Beta MOs
 -- Occupied --
-22.270 -22.269  -2.853  -2.161  -1.843  -1.747  -1.747
 -- Virtual --
 -1.074  -1.074  -0.549   0.091   0.150   0.150   0.252   0.331
  0.331   0.329   1.021   1.282   1.282   1.567   1.567   1.913
  1.913   2.050   2.577   2.577   3.086
 --------------------------------------------------------------

          Ground-State Mulliken Net Atomic Charges

     Atom                 Charge (a.u.)
  ----------------------------------------
      1 O                     0.000000
      2 O                    -0.000000
  ----------------------------------------
  Sum of atomic charges =     0.000000

 -----------------------------------------------------------------
                    Cartesian Multipole Moments
 -----------------------------------------------------------------
    Charge (ESU x 10^10)
                -0.0000
    Dipole Moment (Debye)
         X       0.0000      Y      -0.0000      Z      -0.0000
       Tot       0.0000
    Quadrupole Moments (Debye-Ang)
        XX      -9.8466     XY      -0.0000     YY      -9.8466
        XZ      -0.0000     YZ      -0.0000     ZZ     -10.4727
    Octopole Moments (Debye-Ang^2)
       XXX       0.0000    XXY      -0.0000    XYY       0.0000
       YYY      -0.0000    XXZ      -0.0000    XYZ      -0.0000
       YYZ      -0.0000    XZZ       0.0000    YZZ      -0.0000
       ZZZ      -0.0000
    Hexadecapole Moments (Debye-Ang^3)
      XXXX      -6.4230   XXXY      -0.0000   XXYY      -2.1410
      XYYY      -0.0000   YYYY      -6.4230   XXXZ      -0.0000
      XXYZ      -0.0000   XYYZ      -0.0000   YYYZ      -0.0000
      XXZZ      -5.8473   XYZZ       0.0000   YYZZ      -5.8473
      XZZZ      -0.0000   YZZZ      -0.0000   ZZZZ     -27.4603
 -----------------------------------------------------------------
 JobOver = TRUE
Archival summary:
1\1\sinatra\SP\ROProcedureUnspecified\BasisUnspecified\2(3)\nmayhall\ThuNov1609:16:202017ThuNov1609:16:202017\0\\#,ROProcedureUnspecified,BasisUnspecified,\\0,3\O\O,1,1.2\\HF=-148.010126\\@

 Total job time:  0.32s(wall), 0.32s(cpu) 
 Thu Nov 16 09:16:20 2017

        *************************************************************
        *                                                           *
        *  Thank you very much for using Q-Chem.  Have a nice day.  *
        *                                                           *
        *************************************************************


*** MISSION COMPLETED -- STARFLEET OUT ***

